[2025-10-08 10:37:49] local.INFO: Attempting to add menu item {"label":"Dashboard"} 
[2025-10-08 10:37:49] local.INFO: User has permission for menu item {"label":"Dashboard"} 
[2025-10-08 10:37:49] local.INFO: Attempting to add menu item {"label":"Products"} 
[2025-10-08 10:37:49] local.INFO: User has permission for menu item {"label":"Products"} 
[2025-10-08 10:37:49] local.INFO: Attempting to add menu item {"label":"Orders"} 
[2025-10-08 10:37:49] local.INFO: User has permission for menu item {"label":"Orders"} 
[2025-10-08 10:37:49] local.INFO: Attempting to add menu item {"label":"WhatsApp Chats"} 
[2025-10-08 10:37:49] local.INFO: User has permission for menu item {"label":"WhatsApp Chats"} 
[2025-10-08 10:37:49] local.INFO: Attempting to add menu item {"label":"Customers"} 
[2025-10-08 10:37:49] local.INFO: User has permission for menu item {"label":"Customers"} 
[2025-10-08 10:37:49] local.INFO: Attempting to add menu item {"label":"Marketing"} 
[2025-10-08 10:37:49] local.INFO: User has permission for menu item {"label":"Marketing"} 
[2025-10-08 10:37:49] local.INFO: Attempting to add menu item {"label":"User"} 
[2025-10-08 10:37:49] local.INFO: User has permission for menu item {"label":"User"} 
[2025-10-08 10:37:49] local.INFO: Attempting to add menu item {"label":"Roles & Permissions"} 
[2025-10-08 10:37:49] local.INFO: User has permission for menu item {"label":"Roles & Permissions"} 
[2025-10-08 10:37:49] local.INFO: Attempting to add menu item {"label":"Settings"} 
[2025-10-08 10:37:49] local.INFO: User has permission for menu item {"label":"Settings"} 
[2025-10-08 10:37:49] local.INFO: Attempting to add menu item {"label":"Logout"} 
[2025-10-08 10:37:49] local.INFO: User has permission for menu item {"label":"Logout"} 
[2025-10-08 10:37:59] local.INFO: Attempting to add menu item {"label":"Dashboard"} 
[2025-10-08 10:37:59] local.INFO: User has permission for menu item {"label":"Dashboard"} 
[2025-10-08 10:37:59] local.INFO: Attempting to add menu item {"label":"Products"} 
[2025-10-08 10:37:59] local.INFO: User has permission for menu item {"label":"Products"} 
[2025-10-08 10:37:59] local.INFO: Attempting to add menu item {"label":"Orders"} 
[2025-10-08 10:37:59] local.INFO: User has permission for menu item {"label":"Orders"} 
[2025-10-08 10:37:59] local.INFO: Attempting to add menu item {"label":"WhatsApp Chats"} 
[2025-10-08 10:37:59] local.INFO: User has permission for menu item {"label":"WhatsApp Chats"} 
[2025-10-08 10:37:59] local.INFO: Attempting to add menu item {"label":"Customers"} 
[2025-10-08 10:37:59] local.INFO: User has permission for menu item {"label":"Customers"} 
[2025-10-08 10:37:59] local.INFO: Attempting to add menu item {"label":"Marketing"} 
[2025-10-08 10:37:59] local.INFO: User has permission for menu item {"label":"Marketing"} 
[2025-10-08 10:37:59] local.INFO: Attempting to add menu item {"label":"User"} 
[2025-10-08 10:37:59] local.INFO: User has permission for menu item {"label":"User"} 
[2025-10-08 10:37:59] local.INFO: Attempting to add menu item {"label":"Roles & Permissions"} 
[2025-10-08 10:37:59] local.INFO: User has permission for menu item {"label":"Roles & Permissions"} 
[2025-10-08 10:37:59] local.INFO: Attempting to add menu item {"label":"Settings"} 
[2025-10-08 10:37:59] local.INFO: User has permission for menu item {"label":"Settings"} 
[2025-10-08 10:37:59] local.INFO: Attempting to add menu item {"label":"Logout"} 
[2025-10-08 10:37:59] local.INFO: User has permission for menu item {"label":"Logout"} 
[2025-10-08 10:38:07] local.INFO: Attempting to add menu item {"label":"Dashboard"} 
[2025-10-08 10:38:07] local.INFO: User has permission for menu item {"label":"Dashboard"} 
[2025-10-08 10:38:07] local.INFO: Attempting to add menu item {"label":"Products"} 
[2025-10-08 10:38:07] local.INFO: User has permission for menu item {"label":"Products"} 
[2025-10-08 10:38:07] local.INFO: Attempting to add menu item {"label":"Orders"} 
[2025-10-08 10:38:07] local.INFO: User has permission for menu item {"label":"Orders"} 
[2025-10-08 10:38:07] local.INFO: Attempting to add menu item {"label":"WhatsApp Chats"} 
[2025-10-08 10:38:07] local.INFO: User has permission for menu item {"label":"WhatsApp Chats"} 
[2025-10-08 10:38:07] local.INFO: Attempting to add menu item {"label":"Customers"} 
[2025-10-08 10:38:07] local.INFO: User has permission for menu item {"label":"Customers"} 
[2025-10-08 10:38:07] local.INFO: Attempting to add menu item {"label":"Marketing"} 
[2025-10-08 10:38:07] local.INFO: User has permission for menu item {"label":"Marketing"} 
[2025-10-08 10:38:07] local.INFO: Attempting to add menu item {"label":"User"} 
[2025-10-08 10:38:07] local.INFO: User has permission for menu item {"label":"User"} 
[2025-10-08 10:38:07] local.INFO: Attempting to add menu item {"label":"Roles & Permissions"} 
[2025-10-08 10:38:07] local.INFO: User has permission for menu item {"label":"Roles & Permissions"} 
[2025-10-08 10:38:07] local.INFO: Attempting to add menu item {"label":"Settings"} 
[2025-10-08 10:38:07] local.INFO: User has permission for menu item {"label":"Settings"} 
[2025-10-08 10:38:07] local.INFO: Attempting to add menu item {"label":"Logout"} 
[2025-10-08 10:38:07] local.INFO: User has permission for menu item {"label":"Logout"} 
[2025-10-08 10:38:15] local.INFO: Fetched WhatsApp templates successfully. {"count":3} 
[2025-10-08 10:38:15] local.INFO: Attempting to add menu item {"label":"Dashboard"} 
[2025-10-08 10:38:15] local.INFO: User has permission for menu item {"label":"Dashboard"} 
[2025-10-08 10:38:15] local.INFO: Attempting to add menu item {"label":"Products"} 
[2025-10-08 10:38:15] local.INFO: User has permission for menu item {"label":"Products"} 
[2025-10-08 10:38:15] local.INFO: Attempting to add menu item {"label":"Orders"} 
[2025-10-08 10:38:15] local.INFO: User has permission for menu item {"label":"Orders"} 
[2025-10-08 10:38:15] local.INFO: Attempting to add menu item {"label":"WhatsApp Chats"} 
[2025-10-08 10:38:15] local.INFO: User has permission for menu item {"label":"WhatsApp Chats"} 
[2025-10-08 10:38:15] local.INFO: Attempting to add menu item {"label":"Customers"} 
[2025-10-08 10:38:15] local.INFO: User has permission for menu item {"label":"Customers"} 
[2025-10-08 10:38:15] local.INFO: Attempting to add menu item {"label":"Marketing"} 
[2025-10-08 10:38:15] local.INFO: User has permission for menu item {"label":"Marketing"} 
[2025-10-08 10:38:15] local.INFO: Attempting to add menu item {"label":"User"} 
[2025-10-08 10:38:15] local.INFO: User has permission for menu item {"label":"User"} 
[2025-10-08 10:38:15] local.INFO: Attempting to add menu item {"label":"Roles & Permissions"} 
[2025-10-08 10:38:15] local.INFO: User has permission for menu item {"label":"Roles & Permissions"} 
[2025-10-08 10:38:15] local.INFO: Attempting to add menu item {"label":"Settings"} 
[2025-10-08 10:38:15] local.INFO: User has permission for menu item {"label":"Settings"} 
[2025-10-08 10:38:15] local.INFO: Attempting to add menu item {"label":"Logout"} 
[2025-10-08 10:38:15] local.INFO: User has permission for menu item {"label":"Logout"} 
